
> union-national-tax@0.1.0 dev
> next dev --webpack --port 3000

▲ Next.js 16.1.6 (webpack)
- Local:         http://localhost:3000
- Network:       http://192.168.86.35:3000
- Environments: .env
- Experiments (use with caution):
  · optimizePackageImports

✓ Starting...
✓ Ready in 2.8s
○ Compiling /hq/[[...tool]] ...
 GET /hq/structure/service;22c20065-7eca-47c3-94a3-d4a445d8f9e4 200 in 11.5s (compile: 9.9s, render: 1614ms)
○ Compiling /[locale]/construction/profit-blueprint ...
 GET /en/construction/profit-blueprint 200 in 12.6s (compile: 10.5s, proxy.ts: 823ms, render: 1301ms)
 GET /hq/structure/service;22c20065-7eca-47c3-94a3-d4a445d8f9e4 200 in 1449ms (compile: 23ms, render: 1426ms)
 GET /hq/structure 200 in 172ms (compile: 10ms, render: 162ms)
 GET /hq/structure/service;22c20065-7eca-47c3-94a3-d4a445d8f9e4 200 in 339ms (compile: 30ms, render: 309ms)
 GET /en/construction/profit-blueprint 200 in 1046ms (compile: 284ms, proxy.ts: 69ms, render: 693ms)
 GET /hq/structure/service;22c20065-7eca-47c3-94a3-d4a445d8f9e4 200 in 46ms (compile: 17ms, render: 29ms)
 GET /en/construction/profit-blueprint 200 in 206ms (compile: 9ms, proxy.ts: 43ms, render: 155ms)
 GET /images/pattern.svg 404 in 1720ms (compile: 1640ms, render: 80ms)
 GET /en/construction/profit-blueprint 200 in 1442ms (compile: 38ms, proxy.ts: 7ms, render: 1397ms)
 GET /en/construction/profit-blueprint 200 in 490ms (compile: 10ms, proxy.ts: 5ms, render: 475ms)
 GET /en/construction/profit-blueprint 200 in 1249ms (compile: 12ms, proxy.ts: 7ms, render: 1231ms)
 GET /en/construction/profit-blueprint 200 in 275ms (compile: 10ms, proxy.ts: 5ms, render: 261ms)
 GET /en/construction/profit-blueprint 200 in 452ms (compile: 11ms, proxy.ts: 5ms, render: 437ms)
 GET /en/construction/profit-blueprint 200 in 319ms (compile: 9ms, proxy.ts: 5ms, render: 304ms)
 GET /en/construction/profit-blueprint 200 in 1431ms (compile: 32ms, proxy.ts: 10ms, render: 1389ms)
 GET /en/construction/profit-blueprint 200 in 314ms (compile: 12ms, proxy.ts: 7ms, render: 295ms)
○ Compiling /[locale] ...
 GET /hq/structure/service;22c20065-7eca-47c3-94a3-d4a445d8f9e4 200 in 132ms (compile: 53ms, render: 79ms)
 GET /en/construction/profit-blueprint 200 in 641ms (compile: 60ms, proxy.ts: 126ms, render: 455ms)
 GET /en 200 in 15.1s (compile: 13.1s, proxy.ts: 10ms, render: 2.0s)
